k,cut 100.0 0.015 success True R,rho,f 8.568680383656634 0.01499999999999999 0.7280903155664343 jmin/max 1.338503819430729e-05 0.002920233231459521 steps 933 why A termination event occurred.
k,cut 100.0 0.015 success True R,rho,f 8.568680383656634 0.01499999999999999 0.7280903155664343 jmin/max 1.338503819430729e-05 0.002920233231459521 steps 933 why A termination event occurred.
STABILITY LTE_diffusion Rayleigh [0.0002521475621557295, 0.00028406263192053496, 0] N2 [0.0001481586790017513, 0.04850921837210441, 0] SH1 [0.00041391176512767854, 0.048773564499259243, 0] SH2 [2.444063685034605e-11, 1.2154015995958855e-05, 0] R_dlnOmega_dz [-0.03671271461269004, 0.016446316480148118, 5482] points 9750
STABILITY LTE_all Rayleigh [0.0001245361056018025, 0.00028406263192053496, 0] N2 [0.0001481586790017513, 0.04850921837210441, 0] SH1 [0.00041391176512767854, 0.048773564499259243, 0] SH2 [2.444063685034605e-11, 1.2154015995958855e-05, 0] R_dlnOmega_dz [-0.6783791531690407, 0.016446316480148118, 18186] points 22454
STABILITY transparent_gas Rayleigh [0.00018877458977722945, 0.00039807911311393865, 0] N2 [0.043842153365978874, 0.07937540672002139, 0] SH1 [0.04411045587111614, 0.07966939092115671, 0] SH2 [7.421371739027701e-09, 1.6663590153524976e-05, 0] R_dlnOmega_dz [-0.025548580706288224, 0.039221625005741986, 6604] points 11886
SOURCE_AUDIT opaque_min_j 7.720252803456677e-06 opaque_negative_count 0 thermal_over_positive_j 0.0

MODEL /tmp/radiating_star_spherical_piecewise_97_33_0.1_extent4.npz spin 0.1 omega2_equator 6.707562628397911e-05 maxf 0.9712249444596217
bulk omega2 [6.245389727672077e-05, 7.10809399685272e-05, 6.677867171259051e-05] j [0.0006447219618961968, 0.0019441683518722813, 0.0012197483158360094] gas [-9.537442354128023e-07, 5.601005252607076e-07, 1.0537178345992072e-07] radR [-5.448048873803195e-06, 5.496412473917858e-06, 2.1763642414962446e-06] radMu [-5.45000038292719e-06, 8.688759504649758e-06, 1.0220492521773493e-06] grav [-1.5653007662033653e-05, 2.5751319866089038e-05, 1.490962585549723e-06] thermal [0.0, 0.0, 0.0]
PEAK radR r 7.941090976650533 mu 0.025 rho 0.024385809291009603 value 5.2514498097078746e-05
PEAK radMu r 8.227271290245316 mu 0.72265625 rho 0.019739182205644534 value -1.1756016902877966e-05
PEAK thermal r 0.12 mu 0.025 rho 0.9985087216146056 value 0.0
PEAK gas r 8.051546536283608 mu 0.975 rho 0.022428454234527245 value 2.570542312291422e-06
opaque omega2 [4.877791313267778e-05, 7.10809399685272e-05, 6.297863949965819e-05] j [7.720252803456677e-06, 0.0019665720831445748, 0.001456755624721991] gas [-1.8013472258586779e-06, 2.570542312291422e-06, 5.544370112602772e-07] radR [-4.305075680230847e-05, 5.2514498097078746e-05, 1.732467023318686e-05] radMu [-3.794089627727064e-05, 9.551717526458944e-06, 6.8094056674926165e-06] grav [-1.5653007662033653e-05, 2.5751319866089038e-05, 9.236233167206866e-07] thermal [0.0, 0.0, 0.0]
layer omega2 [4.877791313267778e-05, 6.707233321905337e-05, 5.5913362975492055e-05] j [7.720252803456677e-06, 0.0007767324824311454, 0.0004523428208477353] gas [-5.654058586184395e-07, 1.6600454031695616e-06, 6.830163654037741e-07] radR [-4.305075680230847e-05, 2.360876089100484e-05, 2.2953526858533924e-05] radMu [-3.361736125993126e-05, 1.9817840731996105e-06, 8.193500732647711e-06] grav [-3.774928340445974e-08, 1.777973296698533e-08, 2.5602566517595866e-08] thermal [0.0, 0.0, 0.0]
transition omega2 [4.877791313267778e-05, 6.71185355350347e-05, 5.940124589561617e-05] j [-2.8213274064788465e-06, 0.0019665720831445748, 0.001294553601064003] gas [-1.8013472258586779e-06, 2.6751255266078136e-06, 7.183567446644972e-07] radR [-0.00022249460210939481, 0.00023897144137170368, 3.926917836976492e-05] radMu [-4.0059671903582e-05, 0.00014495151134892033, 4.260363302968261e-05] grav [-1.3419977130808668e-07, 1.509285319943658e-07, 4.246260880060043e-08] thermal [-0.00020411496027244007, 0.20525278982920644, 0.06311675230539544]
material omega2 [4.7976204328155554e-05, 7.10809399685272e-05, 6.175327366833501e-05] j [-2.8213274064788465e-06, 0.0019665720831445748, 0.0011853107085880376] gas [-1.493840846495852e-05, 2.4806323335930647e-05, 1.5976027782831048e-06] radR [-0.00022249460210939481, 0.00023897144137170368, 3.130335233488086e-05] radMu [-4.0059671903582e-05, 0.00014495151134892033, 3.37938697866147e-05] grav [-1.5653007662033653e-05, 2.5751319866089038e-05, 7.522835860191735e-07] thermal [-0.00020411496027244007, 0.9995493116208735, 0.3161736335048828]
transparent omega2 [4.7698083783974865e-05, 6.740334658020025e-05, 6.328214070450245e-05] j [-6.854439573279834e-09, 1.2582165885566265e-08, 3.262682688050186e-09] gas [-2.6823718368245823e-05, 4.2820832660647355e-05, 6.261573548246185e-06] radR [-3.848622007179285e-05, 5.3676691845828964e-05, 1.9089185703765177e-05] radMu [-2.256973193704845e-05, 8.444417902161736e-05, 1.3465064010622312e-05] grav [-9.157585010973138e-08, 9.83319325014619e-08, 3.203561975595953e-08] thermal [0.234259978438939, 1.0, 0.9081315883938712]
k,cut 100.0 0.015 success True R,rho,f 8.568680383656634 0.01499999999999999 0.7280903155664343 jmin/max 1.338503819430729e-05 0.002920233231459521 steps 933 why A termination event occurred.
k,cut 100.0 0.015 success True R,rho,f 8.568680383656634 0.01499999999999999 0.7280903155664343 jmin/max 1.338503819430729e-05 0.002920233231459521 steps 933 why A termination event occurred.
STABILITY LTE_diffusion Rayleigh [0.00025957953656005476, 0.0002688250170667417, 0] N2 [0.0001481570768765061, 0.04850907379192028, 0] SH1 [0.0004160539486160908, 0.04877663705156506, 0] SH2 [2.4842798578291044e-11, 1.234033103963754e-05, 0] R_dlnOmega_dz [-0.03812426605504087, 0.0008122057656042448, 6018] points 9750
STABILITY LTE_all Rayleigh [0.00012360217306819167, 0.0002701365265348087, 0] N2 [0.0001481570768765061, 0.04850907379192028, 0] SH1 [0.0004160539486160908, 0.04877663705156506, 0] SH2 [2.4842798578291044e-11, 1.234033103963754e-05, 0] R_dlnOmega_dz [-0.68273852430908, 0.0008122057656042448, 18722] points 22454
STABILITY transparent_gas Rayleigh [0.00019005498214575277, 0.0004031533310868349, 0] N2 [0.0438421207190458, 0.07938972880393638, 0] SH1 [0.044110423224122085, 0.07970094020161794, 0] SH2 [7.421364731132808e-09, 1.8373618352596274e-05, 0] R_dlnOmega_dz [-0.015007485490562194, 0.029047602956094425, 6639] points 11886
SOURCE_AUDIT opaque_min_j 7.712113210288363e-06 opaque_negative_count 0 thermal_over_positive_j 0.0

MODEL /tmp/radiating_star_spherical_piecewise_193_65_0.1_extent4.npz spin 0.1 omega2_equator 6.707562628397911e-05 maxf 0.9712256821106074
bulk omega2 [6.520573180792545e-05, 6.716803428650803e-05, 6.693389952493569e-05] j [0.0006447182905385093, 0.0019441638729217037, 0.0012197500333336897] gas [-2.6785213363556663e-07, 1.4006121440854374e-07, 2.8395428944716067e-08] radR [-1.281542774252008e-06, 1.262040210054161e-06, 5.05886098698998e-07] radMu [-1.5465565487104526e-06, 2.1738052581823735e-06, 2.6944980020888815e-07] grav [-1.6966042201286614e-06, 2.233788003096833e-06, 2.1669099674669012e-07] thermal [0.0, 0.0, 0.0]
PEAK radR r 7.900925318602143 mu 0.025 rho 0.02507094113595129 value 1.3537717481419062e-05
PEAK radMu r 8.197147046709023 mu 0.72265625 rho 0.020196062253688536 value -2.94981653902518e-06
PEAK thermal r 0.12 mu 0.025 rho 0.9985087491817173 value 0.0
PEAK gas r 8.026443000003363 mu 0.975 rho 0.02283626596649595 value 5.342779906347391e-07
opaque omega2 [4.882446922096517e-05, 6.716803428650803e-05, 6.302645972424178e-05] j [7.712113210288363e-06, 0.0019665030744755695, 0.0014567437079235023] gas [-4.58891266000433e-07, 5.342779906347391e-07, 1.4129417276494628e-07] radR [-1.308730299133976e-05, 1.3537717481419062e-05, 4.451544142810788e-06] radMu [-1.0397855199156792e-05, 2.2828848616829176e-06, 1.667599872851236e-06] grav [-1.6966042201286614e-06, 2.233788003096833e-06, 1.3425793245452447e-07] thermal [0.0, 0.0, 0.0]
layer omega2 [4.882446922096517e-05, 6.707417019551529e-05, 5.585851248113932e-05] j [7.712113210288363e-06, 0.0007767744646095613, 0.00045235830077113216] gas [-1.4781820456327403e-07, 4.175449741624895e-07, 1.7600030625883e-07] radR [-1.308730299133976e-05, 9.36050025648432e-06, 6.0117851790298675e-06] radMu [-9.081616742101769e-06, 7.510654516541554e-07, 1.8165740006422534e-06] grav [-1.9373987718216128e-08, 1.9237801318053218e-08, 6.460215674331158e-09] thermal [0.0, 0.0, 0.0]
transition omega2 [4.882346083353473e-05, 6.711458017318052e-05, 5.937714379550267e-05] j [-2.6863387386880403e-06, 0.0019665030744755695, 0.0012945383859156374] gas [-4.58891266000433e-07, 7.060988297778638e-07, 1.8287230387891467e-07] radR [-0.00018334497875518337, 0.00016921045484136391, 1.7297564481828194e-05] radMu [-2.017358890870953e-05, 6.294855451570634e-05, 1.31987963927148e-05] grav [-8.477847868880093e-08, 2.956260667771253e-08, 1.1164140278425454e-08] thermal [-0.00025486084736707216, 0.20531235164670603, 0.06307674146302863]
material omega2 [4.8378545781510166e-05, 6.730294361675223e-05, 6.178140369361904e-05] j [-2.6863387386880403e-06, 0.0019665030744755695, 0.0011853009738539793] gas [-8.874437916359247e-06, 1.2662901952773523e-05, 6.10752787788167e-07] radR [-0.00018334497875518337, 0.00016921045484136391, 1.361142645081718e-05] radMu [-2.017358890870953e-05, 6.294855451570634e-05, 1.039168076609497e-05] grav [-1.6966042201286614e-06, 2.233788003096833e-06, 1.0960144212832572e-07] thermal [-0.00025486084736707216, 0.9995494194699869, 0.3161668404455305]
transparent omega2 [4.781780869866425e-05, 6.730294361675223e-05, 6.328149698455477e-05] j [-1.7368839530691738e-09, 1.9989046186504045e-09, 7.906819437190225e-10] gas [-1.8524657617936737e-05, 2.3639477157891874e-05, 2.859066893737273e-06] radR [-9.276006272548226e-06, 1.1950880638492768e-05, 4.533774402413171e-06] radMu [-1.0174663839442668e-05, 2.2339524732239367e-05, 2.913745527539592e-06] grav [-2.233533958242743e-08, 2.3904587755283727e-08, 7.900055857310356e-09] thermal [0.23413181819230658, 1.0, 0.9081283336612516]
