k,cut 100.0 0.015 success True R,rho,f 8.568680383656634 0.01499999999999999 0.7280903155664343 jmin/max 1.338503819430729e-05 0.002920233231459521 steps 933 why A termination event occurred.
COLORS 982
NEWTON 0 4.105536585925655e-09 9.113983040487383e-10
COLORS 982
NEWTON 0 4.105536585925655e-09 9.113983040487383e-10
COLORS 982
NEWTON 0 4.105536585925655e-09 9.113983040487383e-10
COLORS 982
NEWTON 0 4.105536585925655e-09 9.113983040487383e-10
COLORS 982
NEWTON 0 4.105536585925655e-09 9.113983040487383e-10
COLORS 982
NEWTON 0 1.4423264789912577e-06 3.4110914761634886e-08
STEP 1.0 accepted True sec 27.56309783400502
NEWTON 1 3.895177018585827e-09 8.184391983578898e-10
COLORS 982
NEWTON 0 4.271863412594748e-09 8.184391983578898e-10
COLORS 982
NEWTON 0 4.271863412594772e-09 8.184391983578898e-10
COLORS 982
NEWTON 0 4.271863412594772e-09 8.184391983578898e-10
FINAL 8.184391983578898e-10 /tmp/radiating_star_reference_193_65_0.1_moving.npz
